src/components/features/workspace/MoveableManager.tsx(176,13): error TS2769: No overload matches this call.
  Overload 1 of 2, '(props: MoveableDefaultProps & GroupableProps & IndividualGroupableProps & BeforeRenderableProps & RenderableProps & MoveableProps & { ...; }): Moveable<...>', gave the following error.
    Type '(e: { target: HTMLElement; direction: number[]; }) => void' is not assignable to type '((e: OnResizeStart) => any) & ((e: { target: HTMLElement; direction: number[]; }) => void)'.
      Type '(e: { target: HTMLElement; direction: number[]; }) => void' is not assignable to type '(e: OnResizeStart) => any'.
        Types of parameters 'e' and 'e' are incompatible.
          Type 'OnResizeStart' is not assignable to type '{ target: HTMLElement; direction: number[]; }'.
            Types of property 'target' are incompatible.
              Type 'HTMLElement | SVGElement' is not assignable to type 'HTMLElement'.
                Type 'SVGElement' is missing the following properties from type 'HTMLElement': accessKey, accessKeyLabel, autocapitalize, autocorrect, and 26 more.
  Overload 2 of 2, '(props: MoveableDefaultProps & GroupableProps & IndividualGroupableProps & BeforeRenderableProps & RenderableProps & MoveableProps & { ...; }, context: any): Moveable<...>', gave the following error.
    Type '(e: { target: HTMLElement; direction: number[]; }) => void' is not assignable to type '((e: OnResizeStart) => any) & ((e: { target: HTMLElement; direction: number[]; }) => void)'.
      Type '(e: { target: HTMLElement; direction: number[]; }) => void' is not assignable to type '(e: OnResizeStart) => any'.
        Types of parameters 'e' and 'e' are incompatible.
          Type 'OnResizeStart' is not assignable to type '{ target: HTMLElement; direction: number[]; }'.
            Types of property 'target' are incompatible.
              Type 'HTMLElement | SVGElement' is not assignable to type 'HTMLElement'.
                Type 'SVGElement' is missing the following properties from type 'HTMLElement': accessKey, accessKeyLabel, autocapitalize, autocorrect, and 26 more.
src/hooks/useAutoSync.ts(11,9): error TS6133: 'lastSaveTime' is declared but its value is never read.
src/store/useEditorStore.ts(136,30): error TS2304: Cannot find name 'extractCustomCss'.
src/utils/screenshot.ts(14,13): error TS2322: Type 'boolean' is not assignable to type 'string'.
