src/hooks/useFloatingMenu.ts(1,44): error TS6133: 'useRef' is declared but its value is never read.
